This is pdfTeX, Version 3.141592653-2.6-1.40.27 (MiKTeX 25.4) (preloaded format=pdflatex 2025.10.17)  17 OCT 2025 21:55
entering extended mode
 restricted \write18 enabled.
 %&-line parsing enabled.
**your_generated_resume.tex
(test.pdf
LaTeX2e <2025-06-01> patch level 1
L3 programming layer <2025-09-02>

! LaTeX Error: Missing \begin{document}.

See the LaTeX manual or LaTeX Companion for explanation.
Type  H <return>  for immediate help.
 ...                                              
                                                  
l.1 P
     K^^C^^D^^T^^@^^@^^@^^H^^@Ó±O[ùX ¤^^P^^@^^@^^@^^N^^@^^@^^@^^H^^@^^@^^@te...

? 
! Emergency stop.
 ...                                              
                                                  
l.1 P
     K^^C^^D^^T^^@^^@^^@^^H^^@Ó±O[ùX ¤^^P^^@^^@^^@^^N^^@^^@^^@^^H^^@^^@^^@te...

You're in trouble here.  Try typing  <return>  to proceed.
If that doesn't work, type  X <return>  to quit.

 
Here is how much of TeX's memory you used:
 18 strings out of 468081
 560 string characters out of 5435855
 433696 words of memory out of 5000000
 28785 multiletter control sequences out of 15000+600000
 627721 words of font info for 40 fonts, out of 8000000 for 9000
 1141 hyphenation exceptions out of 8191
 15i,0n,18p,191b,14s stack positions out of 10000i,1000n,20000p,200000b,200000s
!  ==> Fatal error occurred, no output PDF file produced!
